┌────────────────────────────────────────────────────────────────────────────────────────┐
│                                                                                        │
│ ┬        ┌────┬───┐             ┬                                                      │
│ ├────────┤    ✕   ├─────────────┤                                                      │
│ ┴        └────┴───┘             ┴                                                      │
│                       ┬                     ┌───────┬────────┐                      ┬  │
│                       ├─────────────────────┤       │✕       ├──────────────────────┤  │
│                       ┴                     └───────┴────────┘                      ┴  │
│                                                                                        │
└────────────────────────────────────────────────────────────────────────────────────────┘

  Size     Min Adj          Q1      Median          Q3     Max Adj        Mean     Std Dev
   100  -1.9126341  -0.6643476  1.78323e-3  0.58428117  2.41686649  2.43823e-3  0.92541938

  Size     Min Adj          Q1      Median          Q3     Max Adj        Mean     Std Dev
   100  0.99041681  3.95815341  5.08285076  6.21123326  9.21480783  5.19268993  1.98413728

     m₁ ± SE = 0.0024382313218000596 ± 0.092541938297232
     m₂ ± SE = 5.1926899330000005 ± 0.092541938297232
m₂ - m₁ ± SE = 5.190251701678201 ± 0.1308740642282396
           p = 0
           t = -23.706943461954943
          DF = 140.1261935028268
