┌────────────────────────────────────────────────────────────────────────────────────────┐
│                                                                                        │
│ ┬           ┌────┬──┐            ┬                                                     │
│ ├───────────┤    ✕  ├────────────┤                                                     │
│ ┴           └────┴──┘            ┴                                                     │
│                    ┬                        ┌───────┬───────┐                       ┬  │
│                    ├────────────────────────┤       │✕      ├───────────────────────┤  │
│                    ┴                        └───────┴───────┘                       ┴  │
│                                                                                        │
└────────────────────────────────────────────────────────────────────────────────────────┘

     N         Min         Max      Median        Mean      StdDev      StdErr
   100  -2.5985268  2.41686649  1.78323e-3  2.43823e-3  0.92541938  9.25419e-2

     N         Min         Max      Median        Mean      StdDev      StdErr
   100  0.17069863  9.73487964  5.08285076  5.19268993  1.98413728  0.19841373

           t = -23.706943461954943
           p = 0
          DF = 140.1261935028268
