┌────────────────────────────────────────────────────────────────────────────────────────┐
│                                                                                        │
│                                                                                      ┬ │
│                                                                                      ✕ │
│                                                                                      ┴ │
│ ┬                                                                                   ┬┬ │
│ ├──────────────────────────────────────────────────────────────────────────────────✕│┤ │
│ ┴                                                                                   ┴┴ │
│                                                                                        │
└────────────────────────────────────────────────────────────────────────────────────────┘

     N         Min         Max      Median        Mean      StdDev      StdErr
   100  -2.5985268  2.41686649  1.78323e-3  2.43823e-3  0.92541938  9.25419e-2

     N         Min         Max      Median        Mean      StdDev      StdErr
   101       -1000  2.41686649  1.21483e-3  -9.8985760  9.950822e1  9.90143815

  Reject H₀? = no
           α = 0.05
           t = 0.9999135151380636
     Crit. v = 1.983971518449634
          DF = 100
