┌────────────────────────────────────────────────────────────────────────────────────────┐
│                                                                                        │
│ ┬                                                                                      │
│ ✕                                                                                      │
│ ┴                                                                                      │
│                                                                                      ┬ │
│                                                                                      ✕ │
│                                                                                      ┴ │
│                                                                                        │
└────────────────────────────────────────────────────────────────────────────────────────┘

     N         Min         Max      Median        Mean      StdDev      StdErr
     6          -3           2        -0.5        -0.5  1.87082869  0.76376262

     N         Min         Max      Median        Mean      StdDev      StdErr
     7         997        1003        1000        1000  2.16024690  0.81649658

           t = -894.8744045954157
           p = 0
          DF = 10.993485342019547
