┌────────────────────────────────────────────────────────────────────────────────────────┐
│                                                                                        │
│                                                                                  ┬┬ ┬  │
│                                                                                  ├✕─┤  │
│                                                                                  ┴┴ ┴  │
│ ┬                                                                                 ┬┐ ┬ │
│ ├─────────────────────────────────────────────────────────────────────────────────✕├─┤ │
│ ┴                                                                                 ┴┘ ┴ │
│                                                                                        │
└────────────────────────────────────────────────────────────────────────────────────────┘

     N         Min         Max      Median        Mean      StdDev      StdErr
   100  -2.5985268  2.41686649  1.78323e-3  2.43823e-3  0.92541938  9.25419e-2

     N         Min         Max      Median        Mean      StdDev      StdErr
   101        -100  2.41686649  1.21483e-3  -0.9876849  9.99312595  0.99435320

  Reject H₀? = no
           α = 0.05
           t = 0.9914613915743716
     Crit. v = 1.6448536269514729
          DF = 102
