┌────────────────────────────────────────────────────────────────────────────────────────┐
│                                                                                        │
│ ┬           ┌────┬──┐            ┬                                                     │
│ ├───────────┤    ✕  ├────────────┤                                                     │
│ ┴           └────┴──┘            ┴                                                     │
│                    ┬                        ┌───────┬───────┐                       ┬  │
│                    ├────────────────────────┤       │✕      ├───────────────────────┤  │
│                    ┴                        └───────┴───────┘                       ┴  │
│                     ┬           ┌───┬────┐           ┬                                 │
│                     ├───────────┤   ✕    ├───────────┤                                 │
│                     ┴           └───┴────┘           ┴                                 │
│                                                                                        │
└────────────────────────────────────────────────────────────────────────────────────────┘

     N         Min         Max      Median        Mean      StdDev      StdErr
   100  -2.5985268  2.41686649  1.78323e-3  2.43823e-3  0.92541938  9.25419e-2

     N         Min         Max      Median        Mean      StdDev      StdErr
   100  0.17069863  9.73487964  5.08285076  5.19268993  1.98413728  0.19841373

     N         Min         Max      Median        Mean      StdDev      StdErr
   100  0.39211973  5.37087466  2.93814360  2.94746720  0.96395086  9.63951e-2
