┌────────────────────────────────────────────────────────────────────────────────────────┐
│                                                                                        │
│                                    ┬    ┌─┬──┐       ┬                                 │
│                                    ├────┤ ✕  ├───────┤                                 │
│                                    ┴    └─┴──┘       ┴                                 │
│                                    ┬    ┌─┬──┐       ┬                                 │
│                                    ├──✕─┤ │  ├───────┤                                 │
│                                    ┴    └─┴──┘       ┴                                 │
│                                    ┬    ┌──┬─┐        ┬                                │
│ ✕                                  ├────┤  │ ├────────┤                                │
│                                    ┴    └──┴─┘        ┴                                │
│                                                 ┬           ┌────┬────┐             ┬  │
│                                                 ├───────────┤    │✕   ├─────────────┤  │
│                                                 ┴           └────┴────┘             ┴  │
│                                               ┬      ┌──┬──┐       ┬                   │
│                                               ├──────┤  ✕  ├───────┤                   │
│                                               ┴      └──┴──┘       ┴                   │
│                                                                                        │
└────────────────────────────────────────────────────────────────────────────────────────┘

  Size     Min Adj          Q1      Median          Q3     Max Adj        Mean     Std Dev
   100  -1.9126341  -0.6643476  1.78323e-3  0.58428117  2.41686649  2.43823e-3  0.92541938

  Size     Min Adj          Q1      Median          Q3     Max Adj        Mean     Std Dev
   101  -1.9126341  -0.6813048  1.21483e-3  0.57837644  2.41686649  -0.9876849  9.99312595

  Size     Min Adj          Q1      Median          Q3     Max Adj        Mean     Std Dev
   101  -1.9126341  -0.6813048  1.21483e-3  0.57837644  2.41686649  -9.8985760  9.950822e1

  Size     Min Adj          Q1      Median          Q3     Max Adj        Mean     Std Dev
   100  0.99041681  3.95815341  5.08285076  6.21123326  9.21480783  5.19268993  1.98413728

  Size     Min Adj          Q1      Median          Q3     Max Adj        Mean     Std Dev
   100  0.39211973  2.21071717  2.93814360  3.66089235  5.37087466  2.94746720  0.96395086
