┌────────────────────────────────────────────────────────────────────────────────────────┐
│                                                                                        │
│ ┬                               ┌───────────┬────────┐                               ┬ │
│ ├───────────────────────────────┤           ✕        ├───────────────────────────────┤ │
│ ┴                               └───────────┴────────┘                               ┴ │
│                                                                                        │
└────────────────────────────────────────────────────────────────────────────────────────┘

  Size     Min Adj          Q1      Median          Q3     Max Adj        Mean     Std Dev
   100  -1.9126341  -0.6643476  1.78323e-3  0.58428117  2.41686649  2.43823e-3  0.92541938
