Source	Size	Mean	Median	StandardDeviation	Variance	StandardError	Min	Max	Range	LowerQuartile	UpperQuartile	IQR	MinAdjacent	MaxAdjacent
tests/support/fixture/normal_0_1	100	0.0024382313218000596	0.0017832257900000001	0.92541938297232	0.8564010343808695	0.092541938297232	-2.59852682	2.41686649	5.01539331	-0.66434763025	0.5842811665000001	1.24862879675	-1.91263412	2.41686649
