Source	Size	Mean	Median	StandardDeviation	Variance	StandardError	Min	Max	Range	LowerQuartile	UpperQuartile	IQR	MinAdjacent	MaxAdjacent
tests/support/fixture/normal_0_1	100	0.0024382313218000596	0.0017832257900000001	0.92541938297232	0.8564010343808695	0.092541938297232	-2.59852682	2.41686649	5.01539331	-0.66434763025	0.5842811665000001	1.24862879675	-1.91263412	2.41686649
tests/support/fixture/normal_3_1	100	2.9474672002999993	2.938143595	0.9639508602122447	0.9292012609039266	0.09639508602122447	0.39211973	5.37087466	4.97875493	2.210717165	3.6608923475	1.4501751824999998	0.39211973	5.37087466
