Source	Size	Mean	Median	StandardDeviation	Variance	StandardError	Min	Max	Range	LowerQuartile	UpperQuartile	IQR	MinAdjacent	MaxAdjacent
tests/support/fixture/normal_0_1	100	0.0024382313218000596	0.0017832257900000001	0.92541938297232	0.8564010343808695	0.092541938297232	-2.59852682	2.41686649	5.01539331	-0.66434763025	0.5842811665000001	1.24862879675	-1.91263412	2.41686649
tests/support/fixture/normal_3_1	100	2.9474672002999993	2.938143595	0.9639508602122447	0.9292012609039266	0.09639508602122447	0.39211973	5.37087466	4.97875493	2.210717165	3.6608923475	1.4501751824999998	0.39211973	5.37087466
tests/support/fixture/normal_5_2	100	5.1926899330000005	5.0828507599999995	1.9841372775777901	3.936800736273805	0.19841372775777902	0.17069863	9.73487964	9.56418101	3.9581534075	6.211233265	2.2530798574999995	0.99041681	9.21480783
